Exclusões CI documentadas: 2
SERA vNext CI Deterministic Regression
Manifesto total: 226 casos
Selecionados (determinísticos atuais): 173 casos
Baselines históricos 0.2.0 preservados (não executados contra runtime atual): 7 casos
Timeout por caso: 120000ms


⚠ CI exclusions aplicadas (manifesto inconsistente — pendente decisão autoral):
  EXCLUÍDO tests/sera-vnext/typecheck-closure-runtime-gate-a4r217max-trial-001.ts
    Motivo: REAL_LOCAL_ARTIFACT_DEPENDENCY
  EXCLUÍDO tests/sera-vnext/product-unification/risk-profile-real-trial-001.ts
    Motivo: REAL_DB_DEPENDENCY

✓ PASS       tests/sera-vnext/canonical-tree-semantic-trial-002.ts exit=0 1197ms
✓ PASS       tests/hfa-audit/naturalistic/validate-v04-campaign-freeze.ts exit=0 991ms
⚪ NOT_READY  tests/hfa-audit/naturalistic/validate-naturalistic-v04-kit.ts exit=0 1039ms
⚪ NOT_READY  tests/hfa-audit/naturalistic/run-naturalistic-v04-descriptive-analysis.ts exit=0 894ms
✓ PASS       tests/sera-vnext/perception-naturalistic-precision-recall-post-pr50-trial-001.ts exit=0 1009ms
✓ PASS       tests/sera-vnext/adversarial-set-2-contract-trial-001.ts exit=0 972ms
✓ PASS       tests/sera-vnext/auth-feature-flags-a4r222max-trial-001.ts exit=0 1016ms
✓ PASS       tests/sera-vnext/authenticated-smoke-a4r223max-trial-001.ts exit=0 975ms
✓ PASS       tests/sera-vnext/author-decision-intake-a4r202d-trial-001.ts exit=0 940ms
✓ PASS       tests/sera-vnext/author-node-intake-adapter-trial-001.ts exit=0 1067ms
✓ PASS       tests/sera-vnext/author-node-intake-diagnostics-trial-001.ts exit=0 952ms
✓ PASS       tests/sera-vnext/batch1-source-recovery-a4r197e-trial-001.ts exit=0 895ms
✓ PASS       tests/sera-vnext/benchmark-fixture-design-a4r206big-trial-001.ts exit=0 901ms
✓ PASS       tests/sera-vnext/big-governance-closure-a4r203big-trial-001.ts exit=0 850ms
✓ PASS       tests/sera-vnext/calibration-corpus-closure-a4r205big-trial-001.ts exit=0 857ms
✓ PASS       tests/sera-vnext/candidate-only-method-review-a4r202e-trial-001.ts exit=0 848ms
✓ PASS       tests/sera-vnext/candidate-review-batch1-a4r202b-trial-001.ts exit=0 873ms
✓ PASS       tests/sera-vnext/canonical-code-enforcement-trial-001.ts exit=0 877ms
✓ PASS       tests/sera-vnext/canonical-codes-trial-001.ts exit=0 844ms
✓ PASS       tests/sera-vnext/canonical-released-code-typing-trial-001.ts exit=0 863ms
✓ PASS       tests/sera-vnext/canonical-traversal-adapter-trial-001.ts exit=0 898ms
✓ PASS       tests/sera-vnext/canonical-traversal-exhaustive-leaf-trial-001.ts exit=0 936ms
✓ PASS       tests/sera-vnext/canonical-traversal-hardening-trial-001.ts exit=0 897ms
✓ PASS       tests/sera-vnext/canonical-traversal-leaf-coverage-trial-001.ts exit=0 894ms
✓ PASS       tests/sera-vnext/canonical-traversal-skeleton-trial-001.ts exit=0 898ms
✓ PASS       tests/sera-vnext/canonical-tree-trial-001.ts exit=0 891ms
✓ PASS       tests/sera-vnext/code-release-gate-trial-001.ts exit=0 929ms
✓ PASS       tests/sera-vnext/code-traceability-trial-001.ts exit=0 871ms
✓ PASS       tests/sera-vnext/colgan-escape-point-reaudit-a4r202f-trial-001.ts exit=0 893ms
✓ PASS       tests/sera-vnext/combined-synthetic-blueprint-a4r198a-trial-001.ts exit=0 1033ms
